ERC report (2026-07-30T23:07:58, Encoding UTF8)
Report includes: Errors

***** Sheet /
[pin_not_connected]: Pin not connected
    ; error
    @(800 mils, 1250 mils): Symbol U2 Pin 1 [D0, Passive, Line]
[pin_not_connected]: Pin not connected
    ; error
    @(800 mils, 1400 mils): Symbol U2 Pin 2 [D1, Passive, Line]
[pin_not_connected]: Pin not connected
    ; error
    @(800 mils, 1550 mils): Symbol U2 Pin 3 [D2, Passive, Line]
[pin_not_connected]: Pin not connected
    ; error
    @(800 mils, 1700 mils): Symbol U2 Pin 4 [D3, Passive, Line]
[pin_not_connected]: Pin not connected
    ; error
    @(800 mils, 1850 mils): Symbol U2 Pin 5 [D4, Passive, Line]
[pin_not_connected]: Pin not connected
    ; error
    @(800 mils, 2000 mils): Symbol U2 Pin 6 [D5, Passive, Line]
[pin_not_connected]: Pin not connected
    ; error
    @(1100 mils, 800 mils): Symbol U2 Pin 15 [MTDI, Passive, Line]
[pin_not_connected]: Pin not connected
    ; error
    @(1150 mils, 3350 mils): Symbol U5 Pin 9 [INT2, Bidirectional, Line]
[pin_not_connected]: Pin not connected
    ; error
    @(1250 mils, 800 mils): Symbol U2 Pin 16 [MTDO, Passive, Line]
[pin_not_connected]: Pin not connected
    ; error
    @(1400 mils, 800 mils): Symbol U2 Pin 17 [EN, Passive, Line]
[pin_not_connected]: Pin not connected
    ; error
    @(1550 mils, 2400 mils): Symbol U2 Pin 23 [VBAT, Passive, Line]
[pin_not_connected]: Pin not connected
    ; error
    @(1700 mils, 800 mils): Symbol U2 Pin 19 [MTMS, Passive, Line]
[pin_not_connected]: Pin not connected
    ; error
    @(1850 mils, 800 mils): Symbol U2 Pin 20 [MTCK, Passive, Line]
[pin_not_connected]: Pin not connected
    ; error
    @(2000 mils, 800 mils): Symbol U2 Pin 21 [BOOT, Passive, Line]
[pin_not_connected]: Pin not connected
    ; error
    @(2150 mils, 800 mils): Symbol U2 Pin 22 [3V3_OUT, Passive, Line]
[pin_not_connected]: Pin not connected
    ; error
    @(2400 mils, 3400 mils): Symbol U5 Pin 3 [ASCX, Bidirectional, Line]
[pin_not_connected]: Pin not connected
    ; error
    @(2400 mils, 3500 mils): Symbol U5 Pin 2 [ASDX, Bidirectional, Line]
[pin_not_connected]: Pin not connected
    ; error
    @(2400 mils, 3700 mils): Symbol U5 Pin 11 [OSDO, Output, Line]
[pin_not_connected]: Pin not connected
    ; error
    @(2400 mils, 3800 mils): Symbol U5 Pin 10 [OCS, Input, Line]
[pin_not_driven]: Input pin not driven by any Output pins
    ; error
    @(2400 mils, 3800 mils): Symbol U5 Pin 10 [OCS, Input, Line]
[pin_not_connected]: Pin not connected
    ; error
    @(2600 mils, 1550 mils): Symbol U2 Pin 12 [3V3_OUT, Passive, Line]
[pin_not_connected]: Pin not connected
    ; error
    @(2600 mils, 1700 mils): Symbol U2 Pin 11 [D10, Passive, Line]
[pin_not_connected]: Pin not connected
    ; error
    @(2600 mils, 1850 mils): Symbol U2 Pin 10 [D9, Passive, Line]
[pin_not_connected]: Pin not connected
    ; error
    @(2600 mils, 2000 mils): Symbol U2 Pin 9 [D8, Passive, Line]
[pin_to_pin]: Pins of type Power output and Power output are connected
    ; error
    @(3000 mils, 6500 mils): Symbol #FLG04 Pin 1 [Power output, Line]
    @(2700 mils, 6500 mils): Symbol U4 Pin 2 [OUT+, Power output, Line]
[pin_not_connected]: Pin not connected
    ; error
    @(3100 mils, 2750 mils): Symbol U3 Pin 7 [5_IN2, Bidirectional, Line]
[pin_not_connected]: Pin not connected
    ; error
    @(3100 mils, 2850 mils): Symbol U3 Pin 8 [6_OUT1D, Bidirectional, Line]
[pin_not_connected]: Pin not connected
    ; error
    @(3100 mils, 2950 mils): Symbol U3 Pin 9 [7_RX2_OUT1A, Bidirectional, Line]
[pin_not_connected]: Pin not connected
    ; error
    @(3100 mils, 3050 mils): Symbol U3 Pin 10 [8_TX2_IN1, Bidirectional, Line]
[pin_not_connected]: Pin not connected
    ; error
    @(3100 mils, 3550 mils): Symbol U3 Pin 15 [3V3, Power input, Line]
[power_pin_not_driven]: Input Power pin not driven by any Output Power pins
    ; error
    @(3100 mils, 3550 mils): Symbol U3 Pin 15 [3V3, Power input, Line]
[pin_not_connected]: Pin not connected
    ; error
    @(3100 mils, 3650 mils): Symbol U3 Pin 16 [24_A10_TX6_SCL2, Bidirectional, Line]
[pin_not_connected]: Pin not connected
    ; error
    @(3100 mils, 3750 mils): Symbol U3 Pin 17 [25_A11_RX6_SDA2, Bidirectional, Line]
[pin_not_connected]: Pin not connected
    ; error
    @(3100 mils, 3850 mils): Symbol U3 Pin 18 [26_A12_MOSI1, Bidirectional, Line]
[pin_not_connected]: Pin not connected
    ; error
    @(3100 mils, 3950 mils): Symbol U3 Pin 19 [27_A13_SCK1, Bidirectional, Line]
[pin_not_connected]: Pin not connected
    ; error
    @(3100 mils, 4050 mils): Symbol U3 Pin 20 [28_RX7, Bidirectional, Line]
[pin_not_connected]: Pin not connected
    ; error
    @(3100 mils, 4150 mils): Symbol U3 Pin 21 [29_TX7, Bidirectional, Line]
[pin_not_connected]: Pin not connected
    ; error
    @(3100 mils, 4450 mils): Symbol U3 Pin 24 [32_OUT1B, Bidirectional, Line]
[pin_not_connected]: Pin not connected
    ; error
    @(3100 mils, 4650 mils): Symbol U3 Pin 66 [D-, Bidirectional, Line]
[pin_not_connected]: Pin not connected
    ; error
    @(3100 mils, 4750 mils): Symbol U3 Pin 67 [D+, Bidirectional, Line]
[pin_not_connected]: Pin not connected
    ; error
    @(3100 mils, 4900 mils): Symbol U3 Pin 55 [5V, Power output, Line]
[pin_not_connected]: Pin not connected
    ; error
    @(3100 mils, 5000 mils): Symbol U3 Pin 56 [D-, Bidirectional, Line]
[pin_not_connected]: Pin not connected
    ; error
    @(3100 mils, 5100 mils): Symbol U3 Pin 57 [D+, Bidirectional, Line]
[pin_not_connected]: Pin not connected
    ; error
    @(3100 mils, 5200 mils): Symbol U3 Pin 58 [GND, Power input, Line]
[power_pin_not_driven]: Input Power pin not driven by any Output Power pins
    ; error
    @(3100 mils, 5200 mils): Symbol U3 Pin 58 [GND, Power input, Line]
[pin_not_connected]: Pin not connected
    ; error
    @(3100 mils, 5300 mils): Symbol U3 Pin 59 [GND, Power input, Line]
[power_pin_not_driven]: Input Power pin not driven by any Output Power pins
    ; error
    @(3100 mils, 5300 mils): Symbol U3 Pin 59 [GND, Power input, Line]
[pin_not_connected]: Pin not connected
    ; error
    @(3900 mils, 5600 mils): Symbol U3 Pin 50 [VBAT, Power input, Line]
[power_pin_not_driven]: Input Power pin not driven by any Output Power pins
    ; error
    @(3900 mils, 5600 mils): Symbol U3 Pin 50 [VBAT, Power input, Line]
[pin_not_connected]: Pin not connected
    ; error
    @(4050 mils, 5600 mils): Symbol U3 Pin 51 [3V3, Power input, Line]
[power_pin_not_driven]: Input Power pin not driven by any Output Power pins
    ; error
    @(4050 mils, 5600 mils): Symbol U3 Pin 51 [3V3, Power input, Line]
[pin_not_connected]: Pin not connected
    ; error
    @(4300 mils, 6400 mils): Symbol U1 Pin 5 [SHDN, Input, Line]
[pin_not_driven]: Input pin not driven by any Output pins
    ; error
    @(4300 mils, 6400 mils): Symbol U1 Pin 5 [SHDN, Input, Line]
[pin_not_connected]: Pin not connected
    ; error
    @(4300 mils, 6500 mils): Symbol U1 Pin 8 [S, Input, Line]
[pin_not_driven]: Input pin not driven by any Output pins
    ; error
    @(4300 mils, 6500 mils): Symbol U1 Pin 8 [S, Input, Line]
[pin_not_connected]: Pin not connected
    ; error
    @(4350 mils, 5600 mils): Symbol U3 Pin 53 [PROGRAM, Input, Line]
[pin_not_driven]: Input pin not driven by any Output pins
    ; error
    @(4350 mils, 5600 mils): Symbol U3 Pin 53 [PROGRAM, Input, Line]
[pin_not_connected]: Pin not connected
    ; error
    @(4500 mils, 5600 mils): Symbol U3 Pin 54 [ON_OFF, Input, Line]
[pin_not_driven]: Input pin not driven by any Output pins
    ; error
    @(4500 mils, 5600 mils): Symbol U3 Pin 54 [ON_OFF, Input, Line]
[label_dangling]: Label not connected
    ; error
    @(4650 mils, 6150 mils): Label ''
[label_dangling]: Label not connected
    ; error
    @(4650 mils, 6150 mils): Label ''
[pin_not_connected]: Pin not connected
    ; error
    @(5300 mils, 2000 mils): Symbol U3 Pin 49 [VUSB, Power output, Line]
[pin_not_connected]: Pin not connected
    ; error
    @(5300 mils, 2450 mils): Symbol U3 Pin 45 [23_A9_CRX1_MCLK1, Bidirectional, Line]
[pin_not_connected]: Pin not connected
    ; error
    @(5300 mils, 2550 mils): Symbol U3 Pin 44 [22_A8_CTX1, Bidirectional, Line]
[pin_not_connected]: Pin not connected
    ; error
    @(5300 mils, 2650 mils): Symbol U3 Pin 43 [21_A7_RX5_BCLK1, Bidirectional, Line]
[pin_not_connected]: Pin not connected
    ; error
    @(5300 mils, 2750 mils): Symbol U3 Pin 42 [20_A6_TX5_LRCLK1, Bidirectional, Line]
[pin_not_connected]: Pin not connected
    ; error
    @(5300 mils, 2850 mils): Symbol U3 Pin 41 [19_A5_SCL, Bidirectional, Line]
[pin_not_connected]: Pin not connected
    ; error
    @(5300 mils, 2950 mils): Symbol U3 Pin 40 [18_A4_SDA, Bidirectional, Line]
[pin_not_connected]: Pin not connected
    ; error
    @(5300 mils, 3050 mils): Symbol U3 Pin 39 [17_A3_TX4_SDA1, Bidirectional, Line]
[pin_not_connected]: Pin not connected
    ; error
    @(5300 mils, 3150 mils): Symbol U3 Pin 38 [16_A2_RX4_SCL1, Bidirectional, Line]
[pin_not_connected]: Pin not connected
    ; error
    @(5300 mils, 3250 mils): Symbol U3 Pin 37 [15_A1_RX3_SPDIF_IN, Bidirectional, Line]
[pin_not_connected]: Pin not connected
    ; error
    @(5300 mils, 3350 mils): Symbol U3 Pin 36 [14_A0_TX3_SPDIF_OUT, Bidirectional, Line]
[pin_not_connected]: Pin not connected
    ; error
    @(5300 mils, 3650 mils): Symbol U3 Pin 33 [41_A17, Bidirectional, Line]
[pin_not_connected]: Pin not connected
    ; error
    @(5300 mils, 3750 mils): Symbol U3 Pin 32 [40_A16, Bidirectional, Line]
[pin_not_connected]: Pin not connected
    ; error
    @(5300 mils, 3850 mils): Symbol U3 Pin 31 [39_MISO1_OUT1A, Bidirectional, Line]
[pin_not_connected]: Pin not connected
    ; error
    @(5300 mils, 3950 mils): Symbol U3 Pin 30 [38_CS1_IN1, Bidirectional, Line]
[pin_not_connected]: Pin not connected
    ; error
    @(5300 mils, 4050 mils): Symbol U3 Pin 29 [37_CS, Bidirectional, Line]
[pin_not_connected]: Pin not connected
    ; error
    @(5300 mils, 4150 mils): Symbol U3 Pin 28 [36_CS, Bidirectional, Line]
[pin_not_connected]: Pin not connected
    ; error
    @(5300 mils, 4250 mils): Symbol U3 Pin 27 [35_TX8, Bidirectional, Line]
[pin_not_connected]: Pin not connected
    ; error
    @(5300 mils, 4350 mils): Symbol U3 Pin 26 [34_RX8, Bidirectional, Line]
[pin_not_connected]: Pin not connected
    ; error
    @(5300 mils, 4450 mils): Symbol U3 Pin 25 [33_MCLK2, Bidirectional, Line]
[pin_not_connected]: Pin not connected
    ; error
    @(5300 mils, 4700 mils): Symbol U3 Pin 65 [R-, Bidirectional, Line]
[pin_not_connected]: Pin not connected
    ; error
    @(5300 mils, 4800 mils): Symbol U3 Pin 64 [GND, Power input, Line]
[power_pin_not_driven]: Input Power pin not driven by any Output Power pins
    ; error
    @(5300 mils, 4800 mils): Symbol U3 Pin 64 [GND, Power input, Line]
[pin_not_connected]: Pin not connected
    ; error
    @(5300 mils, 4900 mils): Symbol U3 Pin 63 [T+, Bidirectional, Line]
[pin_not_connected]: Pin not connected
    ; error
    @(5300 mils, 5000 mils): Symbol U3 Pin 62 [T-, Bidirectional, Line]
[pin_not_connected]: Pin not connected
    ; error
    @(5300 mils, 5100 mils): Symbol U3 Pin 61 [LED, Bidirectional, Line]
[pin_not_connected]: Pin not connected
    ; error
    @(5300 mils, 5200 mils): Symbol U3 Pin 60 [R+, Bidirectional, Line]
[pin_to_pin]: Pins of type Power output and Power output are connected
    ; error
    @(5400 mils, 2350 mils): Symbol #FLG03 Pin 1 [Power output, Line]
    @(5300 mils, 2350 mils): Symbol U3 Pin 46 [3V3, Power output, Line]
[power_pin_not_driven]: Input Power pin not driven by any Output Power pins
    ; error
    @(8200 mils, 1600 mils): Symbol DRV1 Pin 6 [AUX2_GND, Power input, Line]
[power_pin_not_driven]: Input Power pin not driven by any Output Power pins
    ; error
    @(8200 mils, 5150 mils): Symbol DRV3 Pin 6 [AUX2_GND, Power input, Line]

 ** ERC messages: 91  Errors 91  Warnings 0

 ** Ignored checks:
    - Global label only appears once in the schematic
    - Four connection points are joined together
    - SPICE model issue
    - Assigned footprint doesn't match footprint filters
